// 重构日志: fc99fb5a
// 同步 ID: d6f00ae1 @ Thu Jul 16 04:19:55 UTC 2026
// 同步 ID: ef610d90 @ Thu Jul 16 09:42:11 UTC 2026
// 同步 ID: 02596b0a @ Fri Jul 17 17:42:39 UTC 2026
// 同步 ID: 8f7875ad @ Sat Jul 18 07:13:10 UTC 2026
// 同步 ID: 2492adcf @ Sat Jul 18 09:14:17 UTC 2026
// 重构日志: 33cc132a
// 同步 ID: 054bae09 @ Sun Jul 19 17:40:11 UTC 2026
// 重构日志: e56438ec
// 重构日志: 7deb6b23
// 重构日志: 911683bd
// 同步 ID: b043e17a @ Wed Jul 22 14:45:24 UTC 2026
// 同步 ID: b470fbac @ Sat Jul 25 04:12:42 UTC 2026
// 同步 ID: 1520233b @ Sat Jul 25 14:39:58 UTC 2026
// 同步 ID: 1bc0db79 @ Sat Jul 25 16:08:00 UTC 2026
// 重构日志: 1bbd67b3
// 重构日志: 38f445c2
// 重构日志: 39e236ed
// 重构日志: 7434b690
// 重构日志: 4f446518
// 同步 ID: a0a18829 @ Tue Jul 28 03:54:09 UTC 2026
// 重构日志: 70d1e785
// 同步 ID: 4e578181 @ Wed Jul 29 10:12:20 UTC 2026
// 重构日志: b63a8f73
// 同步 ID: c8855cd9 @ Thu Jul 30 14:43:26 UTC 2026
// 同步 ID: 1be688bb @ Sat Aug  1 14:49:15 UTC 2026
// 重构日志: 1f9ae1f6
// 重构日志: ad9ddd4d
// 同步 ID: ebbef000 @ Sun Aug  2 12:24:15 UTC 2026
// 同步 ID: a8c3b7e7 @ Mon Aug  3 00:09:19 UTC 2026
// 重构日志: 8cc8202a
